22:07:11 **** Incremental Build of configuration Debug for project 003inline_1 ****
make -j12 all 
arm-none-eabi-gcc "../Src/main.c" -mcpu=cortex-m4 -std=gnu11 -g3 -DDEBUG -DSTM32 -DSTM32F407G_DISC1 -DSTM32F4 -DSTM32F407VGTx -c -I../Inc -O0 -ffunction-sections -fdata-sections -Wall -fstack-usage -MMD -MP -MF"Src/main.d" -MT"Src/main.o" --specs=nano.specs -mfpu=fpv4-sp-d16 -mfloat-abi=hard -mthumb -o "Src/main.o"
arm-none-eabi-gcc -o "003inline_1.elf" @"objects.list"   -mcpu=cortex-m4 -T"C:\Users\rsamonte\Embedded Systems\Cortex_Mx\CortexMxProgramming-master\Source_code\001_HelloWorld\003inline_1\STM32F407VGTX_FLASH.ld" --specs=nosys.specs -Wl,-Map="003inline_1.map" -Wl,--gc-sections -static --specs=nano.specs -mfpu=fpv4-sp-d16 -mfloat-abi=hard -mthumb -Wl,--start-group -lc -lm -Wl,--end-group
Finished building target: 003inline_1.elf
 
arm-none-eabi-size   003inline_1.elf 
arm-none-eabi-objdump -h -S  003inline_1.elf  > "003inline_1.list"
arm-none-eabi-objcopy  -O binary  003inline_1.elf  "003inline_1.bin"
   text	   data	    bss	    dec	    hex	filename
    704	      8	   1568	   2280	    8e8	003inline_1.elf
Finished building: default.size.stdout
 
Finished building: 003inline_1.list
Finished building: 003inline_1.bin
 
 

22:07:11 Build Finished. 0 errors, 0 warnings. (took 689ms)

