22:14:27 **** Incremental Build of configuration Debug for project 014task_scheduler ****
make -j12 all 
arm-none-eabi-gcc "../Src/main.c" -mcpu=cortex-m4 -std=gnu11 -g3 -DDEBUG -DSTM32 -DSTM32F407G_DISC1 -DSTM32F4 -DSTM32F407VGTx -c -I../Inc -O0 -ffunction-sections -fdata-sections -Wall -fstack-usage -MMD -MP -MF"Src/main.d" -MT"Src/main.o" --specs=nano.specs -mfloat-abi=soft -mthumb -o "Src/main.o"
arm-none-eabi-gcc -o "014task_scheduler.elf" @"objects.list"   -mcpu=cortex-m4 -T"C:\Users\rsamonte\Embedded Systems\Cortex_Mx\Workspace_2\task_scheduler\STM32F407VGTX_FLASH.ld" --specs=nosys.specs -Wl,-Map="014task_scheduler.map" -Wl,--gc-sections -static --specs=nano.specs -mfloat-abi=soft -mthumb -Wl,--start-group -lc -lm -Wl,--end-group
Finished building target: 014task_scheduler.elf
 
arm-none-eabi-size   014task_scheduler.elf 
arm-none-eabi-objdump -h -S  014task_scheduler.elf  > "014task_scheduler.list"
arm-none-eabi-objcopy  -O binary  014task_scheduler.elf  "014task_scheduler.bin"
   text	   data	    bss	    dec	    hex	filename
   5180	    112	   1680	   6972	   1b3c	014task_scheduler.elf
Finished building: default.size.stdout
 
Finished building: 014task_scheduler.list
Finished building: 014task_scheduler.bin
 
 
22:14:34 **** Incremental Build of configuration Debug for project 014task_scheduler ****
make -j12 all 
arm-none-eabi-size   014task_scheduler.elf 
   text	   data	    bss	    dec	    hex	filename
   5180	    112	   1680	   6972	   1b3c	014task_scheduler.elf
Finished building: default.size.stdout
 
