main.c:60:5:main	8	static
main.c:84:6:idle_task	4	static
main.c:92:6:task1_handler	8	static
main.c:104:6:task2_handler	8	static
main.c:116:6:task3_handler	8	static
main.c:128:6:task4_handler	8	static
main.c:140:6:init_systick_timer	32	static
main.c:163:29:init_scheduler_stack	0	static,ignoring_inline_asm
main.c:173:6:init_tasks_stack	24	static
main.c:224:6:enable_processor_fault	16	static
main.c:233:10:get_psp_value	4	static
main.c:238:6:save_psp_value	16	static
main.c:243:6:update_next_task	16	static
main.c:264:29:switch_sp_to_psp	0	static,ignoring_inline_asm
main.c:282:6:schedule	16	static
main.c:291:6:task_delay	16	static,ignoring_inline_asm
main.c:309:29:PendSV_Handler	0	static,ignoring_inline_asm
main.c:339:6:update_global_tick_count	4	static
main.c:344:6:unblock_tasks	16	static
main.c:361:6:SysTick_Handler	16	static
main.c:376:6:HardFault_Handler	8	static
main.c:383:6:MemManage_Handler	8	static
main.c:389:6:BusFault_Handler	8	static
